// Jest Snapshot v1, https://goo.gl/fbAQLP

exports[`ClearAll should render <ClearRefinements /> 1`] = `
<div
  className="root"
>
  <button
    className="button"
    dangerouslySetInnerHTML={
      Object {
        "__html": "",
      }
    }
    onClick={[Function]}
  />
</div>
`;
